compiling...
Compiling 2 files with 0.8.9
Compilation finished successfully
success.
Running 6 tests for AaveTest.json:AaveTest
[32m[PASS][0m testAddDaiToMapping() (gas: 882966)
Logs:
  Entering testAddDaiToMapping

Traces:

  [882966] [32mAaveTest[0m::[32mtestAddDaiToMapping[0m()
    ├─ [2586] [32mAaveLendingBridge[0m::[32munderlyingToZkAToken[0m(0x6b175474e89094c44da98b954eedeac495271d0f)
    │   └─ [32m←[0m 0x0000000000000000000000000000000000000000
    ├─ [0] [34mVM[0m::[34mexpectRevert[0m(AaveLendingBridge: NO_LENDING_POOL)
    │   └─ [34m←[0m ()
    ├─ [30119] [31mAaveLendingBridge[0m::[31msetUnderlyingToZkAToken[0m(0x000000000000000000000000000000000000dead)
    │   ├─ [471] [32m0xb53c…c8c5[0m::0261bf8b()
    │   │   └─ [32m←[0m 0x0000000000000000000000007d2768de32b0b80b7a3454c06bdac94a69ddc7a9
    │   ├─ [24218] [32m0x7d27…c7a9[0m::35ea6a75(000000000000000000000000000000000000000000000000000000000000dead)
    │   │   ├─ [19047] [32m0xc684…5baf[0m::35ea6a75(000000000000000000000000000000000000000000000000000000000000dead)
    │   │   │   └─ [32m←[0m 0x000000000000000000000000000000000000000000000000000000000000000000000000000000000000000000000000000000000000000000000000000000000000000000000000000000000000000000000000000000000000000000000000000000000000000000000000000000000000000000000000000000000000000000000000000000000000000000000000000000000000000000000000000000000000000000000000000000000000000000000000000000000000000000000000000000000000000000000000000000000000000000000000000000000000000000000000000000000000000000000000000000000000000000000000000000000000000000000000000000000000000000000000000000000000000000000000000000000000000000000000000000000000000000000000000000000000000000000000000000000000000000000000000000000000000000000000000000000000000000000000000000000000000000000000000000000000000000000000
    │   │   └─ [32m←[0m 0x000000000000000000000000000000000000000000000000000000000000000000000000000000000000000000000000000000000000000000000000000000000000000000000000000000000000000000000000000000000000000000000000000000000000000000000000000000000000000000000000000000000000000000000000000000000000000000000000000000000000000000000000000000000000000000000000000000000000000000000000000000000000000000000000000000000000000000000000000000000000000000000000000000000000000000000000000000000000000000000000000000000000000000000000000000000000000000000000000000000000000000000000000000000000000000000000000000000000000000000000000000000000000000000000000000000000000000000000000000000000000000000000000000000000000000000000000000000000000000000000000000000000000000000000000000000000000000000000
    │   └─ [31m←[0m "AaveLendingBridge: NO_LENDING_POOL"
    ├─ [835190] [32mAaveLendingBridge[0m::[32msetUnderlyingToZkAToken[0m(0x6b175474e89094c44da98b954eedeac495271d0f)
    │   ├─ [471] [32m0xb53c…c8c5[0m::0261bf8b()
    │   │   └─ [32m←[0m 0x0000000000000000000000007d2768de32b0b80b7a3454c06bdac94a69ddc7a9
    │   ├─ [24218] [32m0x7d27…c7a9[0m::35ea6a75(0000000000000000000000006b175474e89094c44da98b954eedeac495271d0f)
    │   │   ├─ [19047] [32m0xc684…5baf[0m::35ea6a75(0000000000000000000000006b175474e89094c44da98b954eedeac495271d0f)
    │   │   │   └─ [32m←[0m 0x0000000000000000000000000000000000000000000003e80d1229041f401d4c00000000000000000000000000000000000000000371eb62c11baaefd7cd318100000000000000000000000000000000000000000390c363ea95267a53f89bde00000000000000000000000000000000000000000012610367807fde10cc8fed0000000000000000000000000000000000000000001ce9863ba7ae0133e0d2a9000000000000000000000000000000000000000000612c95fa9be3d37df0695500000000000000000000000000000000000000000000000000000000620ac29a000000000000000000000000028171bca77440897b824ca71d1c56cac55b68a3000000000000000000000000778a13d3eeb110a4f7bb6529f99c000119a08e920000000000000000000000006c3c78838c761c6ac7be9f59fe808ea2a6e4379d000000000000000000000000fffe32106a68aa3ed39ccce673b646423eeab62a0000000000000000000000000000000000000000000000000000000000000009
    │   │   └─ [32m←[0m 0x0000000000000000000000000000000000000000000003e80d1229041f401d4c00000000000000000000000000000000000000000371eb62c11baaefd7cd318100000000000000000000000000000000000000000390c363ea95267a53f89bde00000000000000000000000000000000000000000012610367807fde10cc8fed0000000000000000000000000000000000000000001ce9863ba7ae0133e0d2a9000000000000000000000000000000000000000000612c95fa9be3d37df0695500000000000000000000000000000000000000000000000000000000620ac29a000000000000000000000000028171bca77440897b824ca71d1c56cac55b68a3000000000000000000000000778a13d3eeb110a4f7bb6529f99c000119a08e920000000000000000000000006c3c78838c761c6ac7be9f59fe808ea2a6e4379d000000000000000000000000fffe32106a68aa3ed39ccce673b646423eeab62a0000000000000000000000000000000000000000000000000000000000000009
    │   ├─ [8176] [32m0x0281…68a3[0m::[32mname[0m()
    │   │   ├─ [3062] [32m0x7b2a…7bd0[0m::[32mname[0m()
    │   │   │   └─ [32m←[0m "Aave interest bearing DAI"
    │   │   └─ [32m←[0m "Aave interest bearing DAI"
    │   ├─ [3674] [32m0x0281…68a3[0m::[32msymbol[0m()
    │   │   ├─ [3060] [32m0x7b2a…7bd0[0m::[32msymbol[0m()
    │   │   │   └─ [32m←[0m "aDAI"
    │   │   └─ [32m←[0m "aDAI"
    │   ├─ [3033] [32m0x0281…68a3[0m::[32mdecimals[0m()
    │   │   ├─ [2425] [32m0x7b2a…7bd0[0m::[32mdecimals[0m()
    │   │   │   └─ [32m←[0m 18
    │   │   └─ [32m←[0m 18
    │   ├─ [33m→ new[0m ZkAToken@0xdd36…3b12
    │   │   └─ [32m←[0m 3423 bytes of code
    │   └─ [32m←[0m ()
    ├─ [586] [32mAaveLendingBridge[0m::[32munderlyingToZkAToken[0m(0x6b175474e89094c44da98b954eedeac495271d0f)
    │   └─ [32m←[0m 0xdd36aa107bca36ba4606767d873b13b4770f3b12
    ├─ [0] [34mVM[0m::[34mexpectRevert[0m(AaveLendingBridge: ZK_TOKEN_SET)
    │   └─ [34m←[0m ()
    ├─ [7287] [31mAaveLendingBridge[0m::[31msetUnderlyingToZkAToken[0m(0x6b175474e89094c44da98b954eedeac495271d0f)
    │   ├─ [471] [32m0xb53c…c8c5[0m::0261bf8b()
    │   │   └─ [32m←[0m 0x0000000000000000000000007d2768de32b0b80b7a3454c06bdac94a69ddc7a9
    │   ├─ [3718] [32m0x7d27…c7a9[0m::35ea6a75(0000000000000000000000006b175474e89094c44da98b954eedeac495271d0f)
    │   │   ├─ [3047] [32m0xc684…5baf[0m::35ea6a75(0000000000000000000000006b175474e89094c44da98b954eedeac495271d0f)
    │   │   │   └─ [32m←[0m 0x0000000000000000000000000000000000000000000003e80d1229041f401d4c00000000000000000000000000000000000000000371eb62c11baaefd7cd318100000000000000000000000000000000000000000390c363ea95267a53f89bde00000000000000000000000000000000000000000012610367807fde10cc8fed0000000000000000000000000000000000000000001ce9863ba7ae0133e0d2a9000000000000000000000000000000000000000000612c95fa9be3d37df0695500000000000000000000000000000000000000000000000000000000620ac29a000000000000000000000000028171bca77440897b824ca71d1c56cac55b68a3000000000000000000000000778a13d3eeb110a4f7bb6529f99c000119a08e920000000000000000000000006c3c78838c761c6ac7be9f59fe808ea2a6e4379d000000000000000000000000fffe32106a68aa3ed39ccce673b646423eeab62a0000000000000000000000000000000000000000000000000000000000000009
    │   │   └─ [32m←[0m 0x0000000000000000000000000000000000000000000003e80d1229041f401d4c00000000000000000000000000000000000000000371eb62c11baaefd7cd318100000000000000000000000000000000000000000390c363ea95267a53f89bde00000000000000000000000000000000000000000012610367807fde10cc8fed0000000000000000000000000000000000000000001ce9863ba7ae0133e0d2a9000000000000000000000000000000000000000000612c95fa9be3d37df0695500000000000000000000000000000000000000000000000000000000620ac29a000000000000000000000000028171bca77440897b824ca71d1c56cac55b68a3000000000000000000000000778a13d3eeb110a4f7bb6529f99c000119a08e920000000000000000000000006c3c78838c761c6ac7be9f59fe808ea2a6e4379d000000000000000000000000fffe32106a68aa3ed39ccce673b646423eeab62a0000000000000000000000000000000000000000000000000000000000000009
    │   └─ [31m←[0m "AaveLendingBridge: ZK_TOKEN_SET"
    └─ [32m←[0m ()

[32m[PASS][0m testAdditionalEnter(uint128,uint128,uint16) (runs: 256, μ: 1483392, ~: 1479758)
[31m[FAIL. Counterexample: calldata=0x8555790700000000000000000000000000000000000000000000000000000000000000000000000000000000000000000000000000000000000000000000000000000001, args=[0, 1]][0m testEnterWithDai(uint128,uint16) (runs: 11, μ: 1358901, ~: 1359071)
Logs:
  Error: Did not earn any interest
  Error: a > b not satisfied [uint]
    Value a: 1000001
    Value b: 1000001

Traces:

  [3149345] [32mAaveTest[0m::[32msetUp[0m()
    ├─ [33m→ new[0m DefiBridgeProxy.0.8.10@0xce71…c246
    │   └─ [32m←[0m 1445 bytes of code
    ├─ [33m→ new[0m RollupProcessor.0.8.10@0x185a…1aea
    │   └─ [32m←[0m 3483 bytes of code
    ├─ [33m→ new[0m AaveLendingBridge@0xefc5…b132
    │   └─ [32m←[0m 9594 bytes of code
    ├─ [0] [34mVM[0m::[34mstore[0m(0x6b175474e89094c44da98b954eedeac495271d0f, 0x6a9609baa168169acaea398c4407efea4be641bb08e21e88806d9836fd9333cc, 0x000000000000000000000000000000000000000000000000000000000000a455)
    │   └─ [34m←[0m ()
    ├─ [2602] [32m0x6b17…1d0f[0m::[32mbalanceOf[0m(0x000000000000000000000000000000000000dead)
    │   └─ [32m←[0m 42069
    └─ [32m←[0m ()
  [1367801] [32mAaveTest[0m::[32mtestEnterWithDai[0m(0, 1)
    ├─ [837190] [32mAaveLendingBridge[0m::[32msetUnderlyingToZkAToken[0m(0x6b175474e89094c44da98b954eedeac495271d0f)
    │   ├─ [471] [32m0xb53c…c8c5[0m::0261bf8b()
    │   │   └─ [32m←[0m 0x0000000000000000000000007d2768de32b0b80b7a3454c06bdac94a69ddc7a9
    │   ├─ [24218] [32m0x7d27…c7a9[0m::35ea6a75(0000000000000000000000006b175474e89094c44da98b954eedeac495271d0f)
    │   │   ├─ [19047] [32m0xc684…5baf[0m::35ea6a75(0000000000000000000000006b175474e89094c44da98b954eedeac495271d0f)
    │   │   │   └─ [32m←[0m 0x0000000000000000000000000000000000000000000003e80d1229041f401d4c00000000000000000000000000000000000000000371eb62c11baaefd7cd318100000000000000000000000000000000000000000390c363ea95267a53f89bde00000000000000000000000000000000000000000012610367807fde10cc8fed0000000000000000000000000000000000000000001ce9863ba7ae0133e0d2a9000000000000000000000000000000000000000000612c95fa9be3d37df0695500000000000000000000000000000000000000000000000000000000620ac29a000000000000000000000000028171bca77440897b824ca71d1c56cac55b68a3000000000000000000000000778a13d3eeb110a4f7bb6529f99c000119a08e920000000000000000000000006c3c78838c761c6ac7be9f59fe808ea2a6e4379d000000000000000000000000fffe32106a68aa3ed39ccce673b646423eeab62a0000000000000000000000000000000000000000000000000000000000000009
    │   │   └─ [32m←[0m 0x0000000000000000000000000000000000000000000003e80d1229041f401d4c00000000000000000000000000000000000000000371eb62c11baaefd7cd318100000000000000000000000000000000000000000390c363ea95267a53f89bde00000000000000000000000000000000000000000012610367807fde10cc8fed0000000000000000000000000000000000000000001ce9863ba7ae0133e0d2a9000000000000000000000000000000000000000000612c95fa9be3d37df0695500000000000000000000000000000000000000000000000000000000620ac29a000000000000000000000000028171bca77440897b824ca71d1c56cac55b68a3000000000000000000000000778a13d3eeb110a4f7bb6529f99c000119a08e920000000000000000000000006c3c78838c761c6ac7be9f59fe808ea2a6e4379d000000000000000000000000fffe32106a68aa3ed39ccce673b646423eeab62a0000000000000000000000000000000000000000000000000000000000000009
    │   ├─ [8176] [32m0x0281…68a3[0m::[32mname[0m()
    │   │   ├─ [3062] [32m0x7b2a…7bd0[0m::[32mname[0m()
    │   │   │   └─ [32m←[0m "Aave interest bearing DAI"
    │   │   └─ [32m←[0m "Aave interest bearing DAI"
    │   ├─ [3674] [32m0x0281…68a3[0m::[32msymbol[0m()
    │   │   ├─ [3060] [32m0x7b2a…7bd0[0m::[32msymbol[0m()
    │   │   │   └─ [32m←[0m "aDAI"
    │   │   └─ [32m←[0m "aDAI"
    │   ├─ [3033] [32m0x0281…68a3[0m::[32mdecimals[0m()
    │   │   ├─ [2425] [32m0x7b2a…7bd0[0m::[32mdecimals[0m()
    │   │   │   └─ [32m←[0m 18
    │   │   └─ [32m←[0m 18
    │   ├─ [33m→ new[0m ZkAToken@0xdd36…3b12
    │   │   └─ [32m←[0m 3423 bytes of code
    │   └─ [32m←[0m ()
    ├─ [586] [32mAaveLendingBridge[0m::[32munderlyingToZkAToken[0m(0x6b175474e89094c44da98b954eedeac495271d0f)
    │   └─ [32m←[0m 0xdd36aa107bca36ba4606767d873b13b4770f3b12
    ├─ [0] [34mVM[0m::[34mstore[0m(0x6b175474e89094c44da98b954eedeac495271d0f, 0x4f9c23b400245689595b6c957f2d4e5c0dd911f27f009acdbe86c4d893c82e49, 0x00000000000000000000000000000000000000000000000000000000000f4240)
    │   └─ [34m←[0m ()
    ├─ [2602] [32m0x6b17…1d0f[0m::[32mbalanceOf[0m(0x185a4dc360ce69bdccee33b3784b0282f7961aea)
    │   └─ [32m←[0m 1000000
    ├─ [586] [32mAaveLendingBridge[0m::[32munderlyingToZkAToken[0m(0x6b175474e89094c44da98b954eedeac495271d0f)
    │   └─ [32m←[0m 0xdd36aa107bca36ba4606767d873b13b4770f3b12
    ├─ [602] [32m0x6b17…1d0f[0m::[32mbalanceOf[0m(0x185a4dc360ce69bdccee33b3784b0282f7961aea)
    │   └─ [32m←[0m 1000000
    ├─ [2585] [32mZkAToken[0m::[32mbalanceOf[0m(0x185a4dc360ce69bdccee33b3784b0282f7961aea)
    │   └─ [32m←[0m 0
    ├─ [6086] [32m0x0281…68a3[0m::[32mbalanceOf[0m(0xefc56627233b02ea95bae7e19f648d7dcd5bb132)
    │   ├─ [5475] [32m0x7b2a…7bd0[0m::[32mbalanceOf[0m(0xefc56627233b02ea95bae7e19f648d7dcd5bb132)
    │   │   ├─ [2356] [32m0x7d27…c7a9[0m::d15e0053(0000000000000000000000006b175474e89094c44da98b954eedeac495271d0f)
    │   │   │   ├─ [1745] [32m0xc684…5baf[0m::d15e0053(0000000000000000000000006b175474e89094c44da98b954eedeac495271d0f)
    │   │   │   │   └─ [32m←[0m 0x00000000000000000000000000000000000000000371ec40c477bd136d974a96
    │   │   │   └─ [32m←[0m 0x00000000000000000000000000000000000000000371ec40c477bd136d974a96
    │   │   └─ [32m←[0m 0
    │   └─ [32m←[0m 0
    ├─ [1205] [32m0x0281…68a3[0m::1da24f3e(000000000000000000000000efc56627233b02ea95bae7e19f648d7dcd5bb132)
    │   ├─ [594] [32m0x7b2a…7bd0[0m::1da24f3e(000000000000000000000000efc56627233b02ea95bae7e19f648d7dcd5bb132)
    │   │   └─ [32m←[0m 0x0000000000000000000000000000000000000000000000000000000000000000
    │   └─ [32m←[0m 0x0000000000000000000000000000000000000000000000000000000000000000
    ├─ [463237] [32mRollupProcessor.0.8.10[0m::[32mconvert[0m(0xefc56627233b02ea95bae7e19f648d7dcd5bb132, (1, 0x6b175474e89094c44da98b954eedeac495271d0f, 2), (0, 0x0000000000000000000000000000000000000000, 0), (2, 0xdd36aa107bca36ba4606767d873b13b4770f3b12, 2), (0, 0x0000000000000000000000000000000000000000, 0), 1000000, 1, 0)
    │   ├─ [309147] [32mDefiBridgeProxy.0.8.10[0m::[32mconvert[0m(0xefc56627233b02ea95bae7e19f648d7dcd5bb132, (1, 0x6b175474e89094c44da98b954eedeac495271d0f, 2), (0, 0x0000000000000000000000000000000000000000, 0), (2, 0xdd36aa107bca36ba4606767d873b13b4770f3b12, 2), (0, 0x0000000000000000000000000000000000000000, 0), 1000000, 1, 0, 1)
    │   │   ├─ [20300] [32m0x6b17…1d0f[0m::[32mtransfer[0m(0xefc56627233b02ea95bae7e19f648d7dcd5bb132, 1000000)
    │   │   │   ├─ emit [36mTransfer[0m(from: 0x185a4dc360ce69bdccee33b3784b0282f7961aea, to: 0xefc56627233b02ea95bae7e19f648d7dcd5bb132, value: 1000000)
    │   │   │   └─ [32m←[0m true
    │   │   ├─ [291227] [32mAaveLendingBridge[0m::[32mconvert[0m((1, 0x6b175474e89094c44da98b954eedeac495271d0f, 2), (0, 0x0000000000000000000000000000000000000000, 0), (2, 0xdd36aa107bca36ba4606767d873b13b4770f3b12, 2), (0, 0x0000000000000000000000000000000000000000, 0), 1000000, 1, 0)
    │   │   │   ├─ [471] [32m0xb53c…c8c5[0m::0261bf8b()
    │   │   │   │   └─ [32m←[0m 0x0000000000000000000000007d2768de32b0b80b7a3454c06bdac94a69ddc7a9
    │   │   │   ├─ [3718] [32m0x7d27…c7a9[0m::35ea6a75(0000000000000000000000006b175474e89094c44da98b954eedeac495271d0f)
    │   │   │   │   ├─ [3047] [32m0xc684…5baf[0m::35ea6a75(0000000000000000000000006b175474e89094c44da98b954eedeac495271d0f)
    │   │   │   │   │   └─ [32m←[0m 0x0000000000000000000000000000000000000000000003e80d1229041f401d4c00000000000000000000000000000000000000000371eb62c11baaefd7cd318100000000000000000000000000000000000000000390c363ea95267a53f89bde00000000000000000000000000000000000000000012610367807fde10cc8fed0000000000000000000000000000000000000000001ce9863ba7ae0133e0d2a9000000000000000000000000000000000000000000612c95fa9be3d37df0695500000000000000000000000000000000000000000000000000000000620ac29a000000000000000000000000028171bca77440897b824ca71d1c56cac55b68a3000000000000000000000000778a13d3eeb110a4f7bb6529f99c000119a08e920000000000000000000000006c3c78838c761c6ac7be9f59fe808ea2a6e4379d000000000000000000000000fffe32106a68aa3ed39ccce673b646423eeab62a0000000000000000000000000000000000000000000000000000000000000009
    │   │   │   │   └─ [32m←[0m 0x0000000000000000000000000000000000000000000003e80d1229041f401d4c00000000000000000000000000000000000000000371eb62c11baaefd7cd318100000000000000000000000000000000000000000390c363ea95267a53f89bde00000000000000000000000000000000000000000012610367807fde10cc8fed0000000000000000000000000000000000000000001ce9863ba7ae0133e0d2a9000000000000000000000000000000000000000000612c95fa9be3d37df0695500000000000000000000000000000000000000000000000000000000620ac29a000000000000000000000000028171bca77440897b824ca71d1c56cac55b68a3000000000000000000000000778a13d3eeb110a4f7bb6529f99c000119a08e920000000000000000000000006c3c78838c761c6ac7be9f59fe808ea2a6e4379d000000000000000000000000fffe32106a68aa3ed39ccce673b646423eeab62a0000000000000000000000000000000000000000000000000000000000000009
    │   │   │   ├─ [1205] [32m0x0281…68a3[0m::1da24f3e(000000000000000000000000efc56627233b02ea95bae7e19f648d7dcd5bb132)
    │   │   │   │   ├─ [594] [32m0x7b2a…7bd0[0m::1da24f3e(000000000000000000000000efc56627233b02ea95bae7e19f648d7dcd5bb132)
    │   │   │   │   │   └─ [32m←[0m 0x0000000000000000000000000000000000000000000000000000000000000000
    │   │   │   │   └─ [32m←[0m 0x0000000000000000000000000000000000000000000000000000000000000000
    │   │   │   ├─ [24514] [32m0x6b17…1d0f[0m::[32mapprove[0m(0x7d2768de32b0b80b7a3454c06bdac94a69ddc7a9, 1000000)
    │   │   │   │   ├─ emit [36mApproval[0m(owner: 0xefc56627233b02ea95bae7e19f648d7dcd5bb132, spender: 0x7d2768de32b0b80b7a3454c06bdac94a69ddc7a9, value: 1000000)
    │   │   │   │   └─ [32m←[0m true
    │   │   │   ├─ [180881] [32m0x7d27…c7a9[0m::e8eda9df(0000000000000000000000006b175474e89094c44da98b954eedeac495271d0f00000000000000000000000000000000000000000000000000000000000f4240000000000000000000000000efc56627233b02ea95bae7e19f648d7dcd5bb1320000000000000000000000000000000000000000000000000000000000000000)
    │   │   │   │   ├─ [180258] [32m0xc684…5baf[0m::e8eda9df(0000000000000000000000006b175474e89094c44da98b954eedeac495271d0f00000000000000000000000000000000000000000000000000000000000f4240000000000000000000000000efc56627233b02ea95bae7e19f648d7dcd5bb1320000000000000000000000000000000000000000000000000000000000000000)
    │   │   │   │   │   ├─ [720] [32m0xf554…bbd5[0m::0eca322b(212aa9bd7b173642810e5e991e9e9ed2f6ac3087d28021b9f35fb9d1a8d1160e00000000000000000000000000000000000000000000000000000000000f4240)
    │   │   │   │   │   │   └─ [32m←[0m ()
    │   │   │   │   │   ├─ [7463] [32m0x6c3c…379d[0m::b1bf962d()
    │   │   │   │   │   │   ├─ [2355] [32m0x3f87…3e08[0m::b1bf962d()
    │   │   │   │   │   │   │   └─ [32m←[0m 0x0000000000000000000000000000000000000000030d82ff98faf4616f5e5403
    │   │   │   │   │   │   └─ [32m←[0m 0x0000000000000000000000000000000000000000030d82ff98faf4616f5e5403
    │   │   │   │   │   ├─ [14309] [32m0x778a…8e92[0m::79774338()
    │   │   │   │   │   │   ├─ [9189] [32m0xd23a…9f7c[0m::79774338()
    │   │   │   │   │   │   │   └─ [32m←[0m 0x00000000000000000000000000000000000000000004492bca1c23704ab877ae000000000000000000000000000000000000000000044935c274159a7a07a0ac000000000000000000000000000000000000000000599e718d1c71a37b15573600000000000000000000000000000000000000000000000000000000620aaf8a
    │   │   │   │   │   │   └─ [32m←[0m 0x00000000000000000000000000000000000000000004492bca1c23704ab877ae000000000000000000000000000000000000000000044935c274159a7a07a0ac000000000000000000000000000000000000000000599e718d1c71a37b15573600000000000000000000000000000000000000000000000000000000620aaf8a
    │   │   │   │   │   ├─ [48089] [32m0x0281…68a3[0m::7df5bd3b(000000000000000000000000000000000000000000000022ad5d1b6c47e8c64e00000000000000000000000000000000000000000371ec40c477bd136d974a96)
    │   │   │   │   │   │   ├─ [47478] [32m0x7b2a…7bd0[0m::7df5bd3b(000000000000000000000000000000000000000000000022ad5d1b6c47e8c64e00000000000000000000000000000000000000000371ec40c477bd136d974a96)
    │   │   │   │   │   │   │   ├─ [29674] [32m0xd784…f6b5[0m::31873e2e(000000000000000000000000464c71f6c2f760dda6093dcb91c24c39e5d6e18c0000000000000000000000000000000000000000048ace1237791052717a4d0000000000000000000000000000000000000000000004253d523ce888651b7632)
    │   │   │   │   │   │   │   │   ├─ [24557] [32m0x83d0…5a35[0m::31873e2e(000000000000000000000000464c71f6c2f760dda6093dcb91c24c39e5d6e18c0000000000000000000000000000000000000000048ace1237791052717a4d0000000000000000000000000000000000000000000004253d523ce888651b7632)
    │   │   │   │   │   │   │   │   │   ├─ emit topic 0: [36m0x5777ca300dfe5bead41006fbce4389794dbc0ed8d6cccebfaf94630aa04184bc[0m
    │   │   │   │   │   │   │   │   │   │       topic 1: [36m0x000000000000000000000000028171bca77440897b824ca71d1c56cac55b68a3[0m
    │   │   │   │   │   │   │   │   │   │          data: [36m0x00000000000000000000000000000000000000000000000000001becc4964434[0m
    │   │   │   │   │   │   │   │   │   ├─ emit topic 0: [36m0xbb123b5c06d5408bbea3c4fef481578175cfb432e3b482c6186f02ed9086585b[0m
    │   │   │   │   │   │   │   │   │   │       topic 1: [36m0x000000000000000000000000464c71f6c2f760dda6093dcb91c24c39e5d6e18c[0m
    │   │   │   │   │   │   │   │   │   │       topic 2: [36m0x000000000000000000000000028171bca77440897b824ca71d1c56cac55b68a3[0m
    │   │   │   │   │   │   │   │   │   │          data: [36m0x00000000000000000000000000000000000000000000000000001becc4964434[0m
    │   │   │   │   │   │   │   │   │   ├─ emit topic 0: [36m0x2468f9268c60ad90e2d49edb0032c8a001e733ae888b3ab8e982edf535be1a76[0m
    │   │   │   │   │   │   │   │   │   │       topic 1: [36m0x000000000000000000000000464c71f6c2f760dda6093dcb91c24c39e5d6e18c[0m
    │   │   │   │   │   │   │   │   │   │          data: [36m0x000000000000000000000000000000000000000000000000005315ba2659ba25[0m
    │   │   │   │   │   │   │   │   │   └─ [32m←[0m ()
    │   │   │   │   │   │   │   │   └─ [32m←[0m ()
    │   │   │   │   │   │   │   ├─ emit [36mTransfer[0m(from: 0x0000000000000000000000000000000000000000, to: 0x464c71f6c2f760dda6093dcb91c24c39e5d6e18c, value: 639681469599397234254)
    │   │   │   │   │   │   │   ├─ emit topic 0: [36m0x4c209b5fc8ad50758f13e2e1088ba56a560dff690a1c6fef26394f4c03821c4f[0m
    │   │   │   │   │   │   │   │       topic 1: [36m0x000000000000000000000000464c71f6c2f760dda6093dcb91c24c39e5d6e18c[0m
    │   │   │   │   │   │   │   │          data: [36m0x000000000000000000000000000000000000000000000022ad5d1b6c47e8c64e00000000000000000000000000000000000000000371ec40c477bd136d974a96[0m
    │   │   │   │   │   │   │   └─ [32m←[0m ()
    │   │   │   │   │   │   └─ [32m←[0m ()
    │   │   │   │   │   ├─ [3535] [32m0x778a…8e92[0m::f731e9be()
    │   │   │   │   │   │   ├─ [2924] [32m0xd23a…9f7c[0m::f731e9be()
    │   │   │   │   │   │   │   └─ [32m←[0m 0x000000000000000000000000000000000000000000044935c274159a7a07a0ac000000000000000000000000000000000000000000599e718d1c71a37b155736
    │   │   │   │   │   │   └─ [32m←[0m 0x000000000000000000000000000000000000000000044935c274159a7a07a0ac000000000000000000000000000000000000000000599e718d1c71a37b155736
    │   │   │   │   │   ├─ [963] [32m0x6c3c…379d[0m::b1bf962d()
    │   │   │   │   │   │   ├─ [355] [32m0x3f87…3e08[0m::b1bf962d()
    │   │   │   │   │   │   │   └─ [32m←[0m 0x0000000000000000000000000000000000000000030d82ff98faf4616f5e5403
    │   │   │   │   │   │   └─ [32m←[0m 0x0000000000000000000000000000000000000000030d82ff98faf4616f5e5403
    │   │   │   │   │   ├─ [2602] [32m0x6b17…1d0f[0m::[32mbalanceOf[0m(0x028171bca77440897b824ca71d1c56cac55b68a3)
    │   │   │   │   │   │   └─ [32m←[0m 451048678605985360949947432
    │   │   │   │   │   ├─ [13175] [32m0xfffe…b62a[0m::9584df28(0000000000000000000000006b175474e89094c44da98b954eedeac495271d0f000000000000000000000000000000000000000001751945dcb0600356696e68000000000000000000000000000000000000000000044935c274159a7a07a0ac0000000000000000000000000000000000000000035e5fdfee8ddc523a28fa4a000000000000000000000000000000000000000000599e718d1c71a37b15573600000000000000000000000000000000000000000000000000000000000003e8)
    │   │   │   │   │   │   ├─ [2559] [32m0xb53c…c8c5[0m::3618abba()
    │   │   │   │   │   │   │   └─ [32m←[0m 0x0000000000000000000000008a32f49ffba88aba6eff96f45d8bd1d4b3f35c7d
    │   │   │   │   │   │   ├─ [2486] [32m0x8a32…5c7d[0m::bb85c0bb(0000000000000000000000006b175474e89094c44da98b954eedeac495271d0f)
    │   │   │   │   │   │   │   └─ [32m←[0m 0x00000000000000000000000000000000000000000052b7d2dcc80cd2e4000000
    │   │   │   │   │   │   └─ [32m←[0m 0x000000000000000000000000000000000000000000126107f40850a02502d0c0000000000000000000000000000000000000000000612c97b83d6685a479cdc70000000000000000000000000000000000000000001ce989b6eab36580f39b8d
    │   │   │   │   │   ├─ emit topic 0: [36m0x804c9b842b2748a22bb64b345453a3de7ca54a6ca45ce00d415894979e22897a[0m
    │   │   │   │   │   │       topic 1: [36m0x0000000000000000000000006b175474e89094c44da98b954eedeac495271d0f[0m
    │   │   │   │   │   │          data: [36m0x000000000000000000000000000000000000000000126107f40850a02502d0c0000000000000000000000000000000000000000000612c97b83d6685a479cdc70000000000000000000000000000000000000000001ce989b6eab36580f39b8d00000000000000000000000000000000000000000371ec40c477bd136d974a9600000000000000000000000000000000000000000390c4cd624fc8aae75434fb[0m
    │   │   │   │   │   ├─ [6060] [32m0x6b17…1d0f[0m::[32mtransferFrom[0m(0xefc56627233b02ea95bae7e19f648d7dcd5bb132, 0x028171bca77440897b824ca71d1c56cac55b68a3, 1000000)
    │   │   │   │   │   │   ├─ emit [36mTransfer[0m(from: 0xefc56627233b02ea95bae7e19f648d7dcd5bb132, to: 0x028171bca77440897b824ca71d1c56cac55b68a3, value: 1000000)
    │   │   │   │   │   │   └─ [32m←[0m true
    │   │   │   │   │   ├─ [52330] [32m0x0281…68a3[0m::156e29f6(000000000000000000000000efc56627233b02ea95bae7e19f648d7dcd5bb13200000000000000000000000000000000000000000000000000000000000f424000000000000000000000000000000000000000000371ec40c477bd136d974a96)
    │   │   │   │   │   │   ├─ [51710] [32m0x7b2a…7bd0[0m::156e29f6(000000000000000000000000efc56627233b02ea95bae7e19f648d7dcd5bb13200000000000000000000000000000000000000000000000000000000000f424000000000000000000000000000000000000000000371ec40c477bd136d974a96)
    │   │   │   │   │   │   │   ├─ [25748] [32m0xd784…f6b5[0m::31873e2e(000000000000000000000000efc56627233b02ea95bae7e19f648d7dcd5bb1320000000000000000000000000000000000000000048ace32bdce39be3a39c5a60000000000000000000000000000000000000000000000000000000000000000)
    │   │   │   │   │   │   │   │   ├─ [25131] [32m0x83d0…5a35[0m::31873e2e(000000000000000000000000efc56627233b02ea95bae7e19f648d7dcd5bb1320000000000000000000000000000000000000000048ace32bdce39be3a39c5a60000000000000000000000000000000000000000000000000000000000000000)
    │   │   │   │   │   │   │   │   │   ├─ emit topic 0: [36m0xbb123b5c06d5408bbea3c4fef481578175cfb432e3b482c6186f02ed9086585b[0m
    │   │   │   │   │   │   │   │   │   │       topic 1: [36m0x000000000000000000000000efc56627233b02ea95bae7e19f648d7dcd5bb132[0m
    │   │   │   │   │   │   │   │   │   │       topic 2: [36m0x000000000000000000000000028171bca77440897b824ca71d1c56cac55b68a3[0m
    │   │   │   │   │   │   │   │   │   │          data: [36m0x00000000000000000000000000000000000000000000000000001becc4964434[0m
    │   │   │   │   │   │   │   │   │   └─ [32m←[0m ()
    │   │   │   │   │   │   │   │   └─ [32m←[0m ()
    │   │   │   │   │   │   │   ├─ emit [36mTransfer[0m(from: 0x0000000000000000000000000000000000000000, to: 0xefc56627233b02ea95bae7e19f648d7dcd5bb132, value: 1000000)
    │   │   │   │   │   │   │   ├─ emit topic 0: [36m0x4c209b5fc8ad50758f13e2e1088ba56a560dff690a1c6fef26394f4c03821c4f[0m
    │   │   │   │   │   │   │   │       topic 1: [36m0x000000000000000000000000efc56627233b02ea95bae7e19f648d7dcd5bb132[0m
    │   │   │   │   │   │   │   │          data: [36m0x00000000000000000000000000000000000000000000000000000000000f424000000000000000000000000000000000000000000371ec40c477bd136d974a96[0m
    │   │   │   │   │   │   │   └─ [32m←[0m 0x0000000000000000000000000000000000000000000000000000000000000001
    │   │   │   │   │   │   └─ [32m←[0m 0x0000000000000000000000000000000000000000000000000000000000000001
    │   │   │   │   │   ├─ emit topic 0: [36m0x00058a56ea94653cdf4f152d227ace22d4c00ad99e2a43f58cb7d9e3feb295f2[0m
    │   │   │   │   │   │       topic 1: [36m0x0000000000000000000000006b175474e89094c44da98b954eedeac495271d0f[0m
    │   │   │   │   │   │       topic 2: [36m0x000000000000000000000000efc56627233b02ea95bae7e19f648d7dcd5bb132[0m
    │   │   │   │   │   │          data: [36m0x[0m
    │   │   │   │   │   ├─ emit topic 0: [36m0xde6857219544bb5b7746f48ed30be6386fefc61b2f864cacf559893bf50fd951[0m
    │   │   │   │   │   │       topic 1: [36m0x0000000000000000000000006b175474e89094c44da98b954eedeac495271d0f[0m
    │   │   │   │   │   │       topic 2: [36m0x000000000000000000000000efc56627233b02ea95bae7e19f648d7dcd5bb132[0m
    │   │   │   │   │   │       topic 3: [36m0x0000000000000000000000000000000000000000000000000000000000000000[0m
    │   │   │   │   │   │          data: [36m0x000000000000000000000000efc56627233b02ea95bae7e19f648d7dcd5bb13200000000000000000000000000000000000000000000000000000000000f4240[0m
    │   │   │   │   │   └─ [32m←[0m ()
    │   │   │   │   └─ [32m←[0m ()
    │   │   │   ├─ [1205] [32m0x0281…68a3[0m::1da24f3e(000000000000000000000000efc56627233b02ea95bae7e19f648d7dcd5bb132)
    │   │   │   │   ├─ [594] [32m0x7b2a…7bd0[0m::1da24f3e(000000000000000000000000efc56627233b02ea95bae7e19f648d7dcd5bb132)
    │   │   │   │   │   └─ [32m←[0m 0x00000000000000000000000000000000000000000000000000000000000e4fc9
    │   │   │   │   └─ [32m←[0m 0x00000000000000000000000000000000000000000000000000000000000e4fc9
    │   │   │   ├─ [46823] [32mZkAToken[0m::[32mmint[0m(0xefc56627233b02ea95bae7e19f648d7dcd5bb132, 937929)
    │   │   │   │   ├─ emit [36mTransfer[0m(from: 0x0000000000000000000000000000000000000000, to: 0xefc56627233b02ea95bae7e19f648d7dcd5bb132, value: 937929)
    │   │   │   │   └─ [32m←[0m ()
    │   │   │   ├─ [24642] [32mZkAToken[0m::[32mapprove[0m(0x185a4dc360ce69bdccee33b3784b0282f7961aea, 937929)
    │   │   │   │   ├─ emit [36mApproval[0m(owner: 0xefc56627233b02ea95bae7e19f648d7dcd5bb132, spender: 0x185a4dc360ce69bdccee33b3784b0282f7961aea, value: 937929)
    │   │   │   │   └─ [32m←[0m true
    │   │   │   └─ [32m←[0m 937929, 0, false
    │   │   ├─ [20597] [32mZkAToken[0m::[32mtransferFrom[0m(0xefc56627233b02ea95bae7e19f648d7dcd5bb132, 0x185a4dc360ce69bdccee33b3784b0282f7961aea, 937929)
    │   │   │   ├─ emit [36mTransfer[0m(from: 0xefc56627233b02ea95bae7e19f648d7dcd5bb132, to: 0x185a4dc360ce69bdccee33b3784b0282f7961aea, value: 937929)
    │   │   │   ├─ emit [36mApproval[0m(owner: 0xefc56627233b02ea95bae7e19f648d7dcd5bb132, spender: 0x185a4dc360ce69bdccee33b3784b0282f7961aea, value: 0)
    │   │   │   └─ [32m←[0m true
    │   │   └─ [32m←[0m 937929, 0, false
    │   ├─ emit [36mDefiBridgeProcessed[0m(bridgeId: 0, nonce: 1, totalInputValue: 1000000, totalOutputValueA: 937929, totalOutputValueB: 0, result: true)
    │   └─ [32m←[0m 937929, 0, false
    ├─ [586] [32mAaveLendingBridge[0m::[32munderlyingToZkAToken[0m(0x6b175474e89094c44da98b954eedeac495271d0f)
    │   └─ [32m←[0m 0xdd36aa107bca36ba4606767d873b13b4770f3b12
    ├─ [602] [32m0x6b17…1d0f[0m::[32mbalanceOf[0m(0x185a4dc360ce69bdccee33b3784b0282f7961aea)
    │   └─ [32m←[0m 0
    ├─ [585] [32mZkAToken[0m::[32mbalanceOf[0m(0x185a4dc360ce69bdccee33b3784b0282f7961aea)
    │   └─ [32m←[0m 937929
    ├─ [3339] [32m0x0281…68a3[0m::[32mbalanceOf[0m(0xefc56627233b02ea95bae7e19f648d7dcd5bb132)
    │   ├─ [2728] [32m0x7b2a…7bd0[0m::[32mbalanceOf[0m(0xefc56627233b02ea95bae7e19f648d7dcd5bb132)
    │   │   ├─ [1482] [32m0x7d27…c7a9[0m::d15e0053(0000000000000000000000006b175474e89094c44da98b954eedeac495271d0f)
    │   │   │   ├─ [871] [32m0xc684…5baf[0m::d15e0053(0000000000000000000000006b175474e89094c44da98b954eedeac495271d0f)
    │   │   │   │   └─ [32m←[0m 0x00000000000000000000000000000000000000000371ec40c477bd136d974a96
    │   │   │   └─ [32m←[0m 0x00000000000000000000000000000000000000000371ec40c477bd136d974a96
    │   │   └─ [32m←[0m 1000001
    │   └─ [32m←[0m 1000001
    ├─ [1205] [32m0x0281…68a3[0m::1da24f3e(000000000000000000000000efc56627233b02ea95bae7e19f648d7dcd5bb132)
    │   ├─ [594] [32m0x7b2a…7bd0[0m::1da24f3e(000000000000000000000000efc56627233b02ea95bae7e19f648d7dcd5bb132)
    │   │   └─ [32m←[0m 0x00000000000000000000000000000000000000000000000000000000000e4fc9
    │   └─ [32m←[0m 0x00000000000000000000000000000000000000000000000000000000000e4fc9
    ├─ [1482] [32m0x7d27…c7a9[0m::d15e0053(0000000000000000000000006b175474e89094c44da98b954eedeac495271d0f)
    │   ├─ [871] [32m0xc684…5baf[0m::d15e0053(0000000000000000000000006b175474e89094c44da98b954eedeac495271d0f)
    │   │   └─ [32m←[0m 0x00000000000000000000000000000000000000000371ec40c477bd136d974a96
    │   └─ [32m←[0m 0x00000000000000000000000000000000000000000371ec40c477bd136d974a96
    ├─ [586] [32mAaveLendingBridge[0m::[32munderlyingToZkAToken[0m(0x6b175474e89094c44da98b954eedeac495271d0f)
    │   └─ [32m←[0m 0xdd36aa107bca36ba4606767d873b13b4770f3b12
    ├─ [602] [32m0x6b17…1d0f[0m::[32mbalanceOf[0m(0x185a4dc360ce69bdccee33b3784b0282f7961aea)
    │   └─ [32m←[0m 0
    ├─ [585] [32mZkAToken[0m::[32mbalanceOf[0m(0x185a4dc360ce69bdccee33b3784b0282f7961aea)
    │   └─ [32m←[0m 937929
    ├─ [3339] [32m0x0281…68a3[0m::[32mbalanceOf[0m(0xefc56627233b02ea95bae7e19f648d7dcd5bb132)
    │   ├─ [2728] [32m0x7b2a…7bd0[0m::[32mbalanceOf[0m(0xefc56627233b02ea95bae7e19f648d7dcd5bb132)
    │   │   ├─ [1482] [32m0x7d27…c7a9[0m::d15e0053(0000000000000000000000006b175474e89094c44da98b954eedeac495271d0f)
    │   │   │   ├─ [871] [32m0xc684…5baf[0m::d15e0053(0000000000000000000000006b175474e89094c44da98b954eedeac495271d0f)
    │   │   │   │   └─ [32m←[0m 0x00000000000000000000000000000000000000000371ec40c477bd136d974a96
    │   │   │   └─ [32m←[0m 0x00000000000000000000000000000000000000000371ec40c477bd136d974a96
    │   │   └─ [32m←[0m 1000001
    │   └─ [32m←[0m 1000001
    ├─ [1205] [32m0x0281…68a3[0m::1da24f3e(000000000000000000000000efc56627233b02ea95bae7e19f648d7dcd5bb132)
    │   ├─ [594] [32m0x7b2a…7bd0[0m::1da24f3e(000000000000000000000000efc56627233b02ea95bae7e19f648d7dcd5bb132)
    │   │   └─ [32m←[0m 0x00000000000000000000000000000000000000000000000000000000000e4fc9
    │   └─ [32m←[0m 0x00000000000000000000000000000000000000000000000000000000000e4fc9
    ├─ [1482] [32m0x7d27…c7a9[0m::d15e0053(0000000000000000000000006b175474e89094c44da98b954eedeac495271d0f)
    │   ├─ [871] [32m0xc684…5baf[0m::d15e0053(0000000000000000000000006b175474e89094c44da98b954eedeac495271d0f)
    │   │   └─ [32m←[0m 0x00000000000000000000000000000000000000000371ec40c477bd136d974a96
    │   └─ [32m←[0m 0x00000000000000000000000000000000000000000371ec40c477bd136d974a96
    ├─ [0] [34mVM[0m::[34mwarp[0m(1644877799)
    │   └─ [34m←[0m ()
    ├─ [586] [32mAaveLendingBridge[0m::[32munderlyingToZkAToken[0m(0x6b175474e89094c44da98b954eedeac495271d0f)
    │   └─ [32m←[0m 0xdd36aa107bca36ba4606767d873b13b4770f3b12
    ├─ [602] [32m0x6b17…1d0f[0m::[32mbalanceOf[0m(0x185a4dc360ce69bdccee33b3784b0282f7961aea)
    │   └─ [32m←[0m 0
    ├─ [585] [32mZkAToken[0m::[32mbalanceOf[0m(0x185a4dc360ce69bdccee33b3784b0282f7961aea)
    │   └─ [32m←[0m 937929
    ├─ [4213] [32m0x0281…68a3[0m::[32mbalanceOf[0m(0xefc56627233b02ea95bae7e19f648d7dcd5bb132)
    │   ├─ [3602] [32m0x7b2a…7bd0[0m::[32mbalanceOf[0m(0xefc56627233b02ea95bae7e19f648d7dcd5bb132)
    │   │   ├─ [2356] [32m0x7d27…c7a9[0m::d15e0053(0000000000000000000000006b175474e89094c44da98b954eedeac495271d0f)
    │   │   │   ├─ [1745] [32m0xc684…5baf[0m::d15e0053(0000000000000000000000006b175474e89094c44da98b954eedeac495271d0f)
    │   │   │   │   └─ [32m←[0m 0x00000000000000000000000000000000000000000371ec40cee47a2913f71365
    │   │   │   └─ [32m←[0m 0x00000000000000000000000000000000000000000371ec40cee47a2913f71365
    │   │   └─ [32m←[0m 1000001
    │   └─ [32m←[0m 1000001
    ├─ [1205] [32m0x0281…68a3[0m::1da24f3e(000000000000000000000000efc56627233b02ea95bae7e19f648d7dcd5bb132)
    │   ├─ [594] [32m0x7b2a…7bd0[0m::1da24f3e(000000000000000000000000efc56627233b02ea95bae7e19f648d7dcd5bb132)
    │   │   └─ [32m←[0m 0x00000000000000000000000000000000000000000000000000000000000e4fc9
    │   └─ [32m←[0m 0x00000000000000000000000000000000000000000000000000000000000e4fc9
    ├─ [2356] [32m0x7d27…c7a9[0m::d15e0053(0000000000000000000000006b175474e89094c44da98b954eedeac495271d0f)
    │   ├─ [1745] [32m0xc684…5baf[0m::d15e0053(0000000000000000000000006b175474e89094c44da98b954eedeac495271d0f)
    │   │   └─ [32m←[0m 0x00000000000000000000000000000000000000000371ec40cee47a2913f71365
    │   └─ [32m←[0m 0x00000000000000000000000000000000000000000371ec40cee47a2913f71365
    ├─ emit [36mlog_named_string[0m(key: "Error", val: "Did not earn any interest")
    ├─ emit [36mlog[0m(: "Error: a > b not satisfied [uint]")
    ├─ emit [36mlog_named_uint[0m(key: "  Value a", val: 1000001)
    ├─ emit [36mlog_named_uint[0m(key: "  Value b", val: 1000001)
    └─ [32m←[0m ()

[32m[PASS][0m testExitCompletely(uint128,uint16) (runs: 256, μ: 1640376, ~: 1636240)
[32m[PASS][0m testExitPartially(uint128,uint128,uint16) (runs: 256, μ: 1700261, ~: 1696430)
[32m[PASS][0m testExitPartiallyTenCompletely(uint128,uint16,uint16) (runs: 256, μ: 1811503, ~: 1801707)

Running 1 test for CompoundTest.json:CompoundTest
[31m[FAIL][0m testCompoundBridge() (gas: 339320)
Logs:
  Error: cETH received is zero
  Error: a > b not satisfied [uint]
    Value a: 0
    Value b: 0

Traces:

  [3153077] [32mCompoundTest[0m::[32msetUp[0m()
    ├─ [33m→ new[0m DefiBridgeProxy@0xce71…c246
    │   └─ [32m←[0m 1460 bytes of code
    ├─ [33m→ new[0m RollupProcessor@0x185a…1aea
    │   └─ [32m←[0m 3498 bytes of code
    ├─ [33m→ new[0m CompoundBridgeContract@0xefc5…b132
    │   └─ [32m←[0m 4487 bytes of code
    ├─ [0] [34mVM[0m::[34mstore[0m(0x6b175474e89094c44da98b954eedeac495271d0f, 0x6a9609baa168169acaea398c4407efea4be641bb08e21e88806d9836fd9333cc, 0x000000000000000000000000000000000000000000000000000000000000a455)
    │   └─ [34m←[0m ()
    ├─ [2602] [32m0x6b17…1d0f[0m::[32mbalanceOf[0m(0x000000000000000000000000000000000000dead)
    │   └─ [32m←[0m 42069
    └─ [32m←[0m ()
  [339320] [32mCompoundTest[0m::[32mtestCompoundBridge[0m()
    ├─ [0] [34mVM[0m::[34mdeal[0m(0x185a4dc360ce69bdccee33b3784b0282f7961aea, 15000)
    │   └─ [34m←[0m ()
    ├─ [0] [34mVM[0m::[34mstore[0m(0x6b175474e89094c44da98b954eedeac495271d0f, 0x4f9c23b400245689595b6c957f2d4e5c0dd911f27f009acdbe86c4d893c82e49, 0x0000000000000000000000000000000000000000000000000000000000003a98)
    │   └─ [34m←[0m ()
    ├─ [2602] [32m0x6b17…1d0f[0m::[32mbalanceOf[0m(0x185a4dc360ce69bdccee33b3784b0282f7961aea)
    │   └─ [32m←[0m 15000
    ├─ [320519] [32mRollupProcessor[0m::[32mconvert[0m(0xefc56627233b02ea95bae7e19f648d7dcd5bb132, (1, 0x000000000000000000000000000000000000dead, 1), (0, 0x0000000000000000000000000000000000000000, 0), (2, 0x4ddc2d193948926d02f9b1fe9e1daa0718270ed5, 2), (0, 0x0000000000000000000000000000000000000000, 0), 15000, 1, 0)
    │   ├─ [144215] [32mDefiBridgeProxy[0m::[32mconvert[0m(0xefc56627233b02ea95bae7e19f648d7dcd5bb132, (1, 0x000000000000000000000000000000000000dead, 1), (0, 0x0000000000000000000000000000000000000000, 0), (2, 0x4ddc2d193948926d02f9b1fe9e1daa0718270ed5, 2), (0, 0x0000000000000000000000000000000000000000, 0), 15000, 1, 0, 1)
    │   │   ├─ [133992] [32mCompoundBridgeContract[0m::[32mconvert[0m{value: 15000}((1, 0x000000000000000000000000000000000000dead, 1), (0, 0x0000000000000000000000000000000000000000, 0), (2, 0x4ddc2d193948926d02f9b1fe9e1daa0718270ed5, 2), (0, 0x0000000000000000000000000000000000000000, 0), 15000, 1, 0)
    │   │   │   ├─ [116118] [32m0x4ddc…0ed5[0m::1249c58b{value: 15000}()
    │   │   │   │   ├─ [8003] [32m0x0c3f…14c0[0m::15f24053(00000000000000000000000000000000000000000000d10c487c215fdc3197d50000000000000000000000000000000000000000000008a49df0f0f873ce94c300000000000000000000000000000000000000000000002397631c488e9a87dd)
    │   │   │   │   │   └─ [32m←[0m 0x000000000000000000000000000000000000000000000000000000000000000000000000000000000000000000000000000000000000000000000002a793b1f8
    │   │   │   │   ├─ emit topic 0: [36m0x875352fb3fadeb8c0be7cbbe8ff761b308fa7033470cd0287f02f3436fd76cb9[0m
    │   │   │   │   │          data: [36m0x000000000000000000000000000000000000000000000000004db42fac7047880000000000000000000000000000000000000000000000000ef97e3d5491c1db0000000000000000000000000000000000000000000008a49e3ea528203edc4b[0m
    │   │   │   │   ├─ [53251] [32m0x3d98…cd3b[0m::4ef4c3e1(0000000000000000000000004ddc2d193948926d02f9b1fe9e1daa0718270ed5000000000000000000000000efc56627233b02ea95bae7e19f648d7dcd5bb1320000000000000000000000000000000000000000000000000000000000003a98)
    │   │   │   │   │   ├─ [48071] [32m0xbafe…b526[0m::4ef4c3e1(0000000000000000000000004ddc2d193948926d02f9b1fe9e1daa0718270ed5000000000000000000000000efc56627233b02ea95bae7e19f648d7dcd5bb1320000000000000000000000000000000000000000000000000000000000003a98)
    │   │   │   │   │   │   ├─ [2344] [32m0x4ddc…0ed5[0m::[32mtotalSupply[0m()
    │   │   │   │   │   │   │   └─ [32m←[0m 5121347481019776
    │   │   │   │   │   │   ├─ [2553] [32m0x4ddc…0ed5[0m::[32mbalanceOf[0m(0xefc56627233b02ea95bae7e19f648d7dcd5bb132)
    │   │   │   │   │   │   │   └─ [32m←[0m 0
    │   │   │   │   │   │   ├─ emit topic 0: [36m0x2caecd17d02f56fa897705dcc740da2d237c373f70686f4e0d9bd3bf0400ea7a[0m
    │   │   │   │   │   │   │       topic 1: [36m0x0000000000000000000000004ddc2d193948926d02f9b1fe9e1daa0718270ed5[0m
    │   │   │   │   │   │   │       topic 2: [36m0x000000000000000000000000efc56627233b02ea95bae7e19f648d7dcd5bb132[0m
    │   │   │   │   │   │   │          data: [36m0x00000000000000000000000000000000000000000000000000000000000000000000000000000000000000000000381cce5e118a7f35a7d0f447976b0e3cb940[0m
    │   │   │   │   │   │   └─ [32m←[0m 0x0000000000000000000000000000000000000000000000000000000000000000
    │   │   │   │   │   └─ [32m←[0m 0x0000000000000000000000000000000000000000000000000000000000000000
    │   │   │   │   ├─ emit topic 0: [36m0x4c209b5fc8ad50758f13e2e1088ba56a560dff690a1c6fef26394f4c03821c4f[0m
    │   │   │   │   │          data: [36m0x000000000000000000000000efc56627233b02ea95bae7e19f648d7dcd5bb1320000000000000000000000000000000000000000000000000000000000003a980000000000000000000000000000000000000000000000000000000000000000[0m
    │   │   │   │   ├─ emit [36mTransfer[0m(from: 0x4ddc2d193948926d02f9b1fe9e1daa0718270ed5, to: 0xefc56627233b02ea95bae7e19f648d7dcd5bb132, value: 0)
    │   │   │   │   ├─ [994] [32m0x3d98…cd3b[0m::41c728b9(0000000000000000000000004ddc2d193948926d02f9b1fe9e1daa0718270ed5000000000000000000000000efc56627233b02ea95bae7e19f648d7dcd5bb1320000000000000000000000000000000000000000000000000000000000003a980000000000000000000000000000000000000000000000000000000000000000)
    │   │   │   │   │   ├─ [381] [32m0xbafe…b526[0m::41c728b9(0000000000000000000000004ddc2d193948926d02f9b1fe9e1daa0718270ed5000000000000000000000000efc56627233b02ea95bae7e19f648d7dcd5bb1320000000000000000000000000000000000000000000000000000000000003a980000000000000000000000000000000000000000000000000000000000000000)
    │   │   │   │   │   │   └─ [32m←[0m ()
    │   │   │   │   │   └─ [32m←[0m ()
    │   │   │   │   └─ [32m←[0m ()
    │   │   │   ├─ [553] [32m0x4ddc…0ed5[0m::[32mbalanceOf[0m(0xefc56627233b02ea95bae7e19f648d7dcd5bb132)
    │   │   │   │   └─ [32m←[0m 0
    │   │   │   ├─ [4564] [32m0x4ddc…0ed5[0m::[32mapprove[0m(0x185a4dc360ce69bdccee33b3784b0282f7961aea, 0)
    │   │   │   │   ├─ emit [36mApproval[0m(owner: 0xefc56627233b02ea95bae7e19f648d7dcd5bb132, spender: 0x185a4dc360ce69bdccee33b3784b0282f7961aea, value: 0)
    │   │   │   │   └─ [32m←[0m true
    │   │   │   └─ [32m←[0m 0, 0, true
    │   │   └─ [32m←[0m 0, 0, true
    │   ├─ emit [36mDefiBridgeProcessed[0m(bridgeId: 0, nonce: 1, totalInputValue: 15000, totalOutputValueA: 0, totalOutputValueB: 0, result: true)
    │   └─ [32m←[0m 0, 0, true
    ├─ [2553] [32m0x4ddc…0ed5[0m::[32mbalanceOf[0m(0x185a4dc360ce69bdccee33b3784b0282f7961aea)
    │   └─ [32m←[0m 0
    ├─ emit [36mlog_named_string[0m(key: "Error", val: "cETH received is zero")
    ├─ emit [36mlog[0m(: "Error: a > b not satisfied [uint]")
    ├─ emit [36mlog_named_uint[0m(key: "  Value a", val: 0)
    ├─ emit [36mlog_named_uint[0m(key: "  Value b", val: 0)
    └─ [32m←[0m ()


Running 1 test for ElementTest.json:ElementTest
[32m[PASS][0m testElementBridge() (gas: 567120)
Logs:
  WP: total %s, 9800525072701359095655750347
  Received %s tokens for input of %s, 52204870, 15000
  Added expiry %s to array, 1651275535

Traces:

  [567120] [32mElementTest[0m::[32mtestElementBridge[0m()
    ├─ [0] [34mVM[0m::[34mstore[0m(0x6b175474e89094c44da98b954eedeac495271d0f, 0x4f9c23b400245689595b6c957f2d4e5c0dd911f27f009acdbe86c4d893c82e49, 0x0000000000000000000000000000000000000000000000000000000000003a98)
    │   └─ [34m←[0m ()
    ├─ [2602] [32m0x6b17…1d0f[0m::[32mbalanceOf[0m(0x185a4dc360ce69bdccee33b3784b0282f7961aea)
    │   └─ [32m←[0m 15000
    ├─ [138545] [32mElementBridge[0m::[32mregisterConvergentPoolAddress[0m(0xedf085f65b4f6c155e13155502ef925c9a756003, 0x21bbc083362022ab8d7e42c18c47d484cc95c193, 1651275535)
    │   ├─ [362] [32m0x21bb…c193[0m::fc0c546a()
    │   │   └─ [32m←[0m 0x0000000000000000000000006b175474e89094c44da98b954eedeac495271d0f
    │   ├─ [2373] [32m0x6b17…1d0f[0m::[32mtotalSupply[0m()
    │   │   └─ [32m←[0m 9800525072701359095655750347
    │   ├─ [362] [32m0x21bb…c193[0m::fc0c546a()
    │   │   └─ [32m←[0m 0x0000000000000000000000006b175474e89094c44da98b954eedeac495271d0f
    │   ├─ [331] [32m0x2c72…7e0e[0m::09218e91()
    │   │   └─ [32m←[0m 0x00000000000000000000000021bbc083362022ab8d7e42c18c47d484cc95c193
    │   ├─ [308] [32m0x2c72…7e0e[0m::6f307dc3()
    │   │   └─ [32m←[0m 0x0000000000000000000000006b175474e89094c44da98b954eedeac495271d0f
    │   ├─ [363] [32m0xedf0…6003[0m::6f307dc3()
    │   │   └─ [32m←[0m 0x0000000000000000000000006b175474e89094c44da98b954eedeac495271d0f
    │   ├─ [318] [32m0xedf0…6003[0m::4665096d()
    │   │   └─ [32m←[0m 0x00000000000000000000000000000000000000000000000000000000626c770f
    │   ├─ [297] [32m0xedf0…6003[0m::8d928af8()
    │   │   └─ [32m←[0m 0x000000000000000000000000ba12222222228d8ba445958a75a0704d566bf2c8
    │   ├─ [274] [32m0xedf0…6003[0m::38fff2d0()
    │   │   └─ [32m←[0m 0xedf085f65b4f6c155e13155502ef925c9a756003000200000000000000000123
    │   ├─ [2927] [32m0xba12…f2c8[0m::f6c00927(edf085f65b4f6c155e13155502ef925c9a756003000200000000000000000123)
    │   │   └─ [32m←[0m 0x000000000000000000000000edf085f65b4f6c155e13155502ef925c9a7560030000000000000000000000000000000000000000000000000000000000000002
    │   └─ [32m←[0m ()
    ├─ [2602] [32m0x6b17…1d0f[0m::[32mbalanceOf[0m(0xba12222222228d8ba445958a75a0704d566bf2c8)
    │   └─ [32m←[0m 104371833231380080728483529
    ├─ [417731] [32mRollupProcessor.0.8.10[0m::[32mconvert[0m(0xefc56627233b02ea95bae7e19f648d7dcd5bb132, (1, 0x6b175474e89094c44da98b954eedeac495271d0f, 2), (0, 0x0000000000000000000000000000000000000000, 0), (1, 0x6b175474e89094c44da98b954eedeac495271d0f, 2), (0, 0x0000000000000000000000000000000000000000, 0), 15000, 1, 1651275535)
    │   ├─ [227222] [32mDefiBridgeProxy.0.8.10[0m::[32mconvert[0m(0xefc56627233b02ea95bae7e19f648d7dcd5bb132, (1, 0x6b175474e89094c44da98b954eedeac495271d0f, 2), (0, 0x0000000000000000000000000000000000000000, 0), (1, 0x6b175474e89094c44da98b954eedeac495271d0f, 2), (0, 0x0000000000000000000000000000000000000000, 0), 15000, 1, 1651275535, 1)
    │   │   ├─ [20300] [32m0x6b17…1d0f[0m::[32mtransfer[0m(0xefc56627233b02ea95bae7e19f648d7dcd5bb132, 15000)
    │   │   │   ├─ emit [36mTransfer[0m(from: 0x185a4dc360ce69bdccee33b3784b0282f7961aea, to: 0xefc56627233b02ea95bae7e19f648d7dcd5bb132, value: 15000)
    │   │   │   └─ [32m←[0m true
    │   │   ├─ [212378] [32mElementBridge[0m::[32mconvert[0m((1, 0x6b175474e89094c44da98b954eedeac495271d0f, 2), (0, 0x0000000000000000000000000000000000000000, 0), (1, 0x6b175474e89094c44da98b954eedeac495271d0f, 2), (0, 0x0000000000000000000000000000000000000000, 0), 15000, 1, 1651275535)
    │   │   │   ├─ [24514] [32m0x6b17…1d0f[0m::[32mapprove[0m(0xba12222222228d8ba445958a75a0704d566bf2c8, 15000)
    │   │   │   │   ├─ emit [36mApproval[0m(owner: 0xefc56627233b02ea95bae7e19f648d7dcd5bb132, spender: 0xba12222222228d8ba445958a75a0704d566bf2c8, value: 15000)
    │   │   │   │   └─ [32m←[0m true
    │   │   │   ├─ [69339] [32m0xba12…f2c8[0m::52bbbe29(00000000000000000000000000000000000000000000000000000000000000e0000000000000000000000000efc56627233b02ea95bae7e19f648d7dcd5bb1320000000000000000000000000000000000000000000000000000000000000000000000000000000000000000efc56627233b02ea95bae7e19f648d7dcd5bb13200000000000000000000000000000000000000000000000000000000000000000000000000000000000000000000000000000000000000000000000000003a9800000000000000000000000000000000000000000000000000000000620ad7e6edf085f65b4f6c155e13155502ef925c9a75600300020000000000000000012300000000000000000000000000000000000000000000000000000000000000000000000000000000000000006b175474e89094c44da98b954eedeac495271d0f0000000000000000000000002c72692e94e757679289ac85d3556b2c0f717e0e0000000000000000000000000000000000000000000000000000000000003a9800000000000000000000000000000000000000000000000000000000000000c000000000000000000000000000000000000000000000000000000000000000043078303000000000000000000000000000000000000000000000000000000000)
    │   │   │   │   ├─ [22005] [32m0xedf0…6003[0m::9d2c110c(000000000000000000000000000000000000000000000000000000000000006000000000000000000000000000000000000000000003da820fca504043b98eff00000000000000000000000000000000000000000001a48f092667443f2d511f00000000000000000000000000000000000000000000000000000000000000000000000000000000000000006b175474e89094c44da98b954eedeac495271d0f0000000000000000000000002c72692e94e757679289ac85d3556b2c0f717e0e0000000000000000000000000000000000000000000000000000000000003a98edf085f65b4f6c155e13155502ef925c9a7560030002000000000000000001230000000000000000000000000000000000000000000000000000000000d8bb16000000000000000000000000efc56627233b02ea95bae7e19f648d7dcd5bb132000000000000000000000000efc56627233b02ea95bae7e19f648d7dcd5bb132000000000000000000000000000000000000000000000000000000000000012000000000000000000000000000000000000000000000000000000000000000043078303000000000000000000000000000000000000000000000000000000000)
    │   │   │   │   │   └─ [32m←[0m 0x00000000000000000000000000000000000000000000000000000000031c9546
    │   │   │   │   ├─ emit topic 0: [36m0x2170c741c41531aec20e7c107c24eecfdd15e69c9bb0a8dd37b1840b9e0b207b[0m
    │   │   │   │   │       topic 1: [36m0xedf085f65b4f6c155e13155502ef925c9a756003000200000000000000000123[0m
    │   │   │   │   │       topic 2: [36m0x0000000000000000000000006b175474e89094c44da98b954eedeac495271d0f[0m
    │   │   │   │   │       topic 3: [36m0x0000000000000000000000002c72692e94e757679289ac85d3556b2c0f717e0e[0m
    │   │   │   │   │          data: [36m0x0000000000000000000000000000000000000000000000000000000000003a9800000000000000000000000000000000000000000000000000000000031c9546[0m
    │   │   │   │   ├─ [6060] [32m0x6b17…1d0f[0m::[32mtransferFrom[0m(0xefc56627233b02ea95bae7e19f648d7dcd5bb132, 0xba12222222228d8ba445958a75a0704d566bf2c8, 15000)
    │   │   │   │   │   ├─ emit [36mTransfer[0m(from: 0xefc56627233b02ea95bae7e19f648d7dcd5bb132, to: 0xba12222222228d8ba445958a75a0704d566bf2c8, value: 15000)
    │   │   │   │   │   └─ [32m←[0m true
    │   │   │   │   ├─ [29972] [32m0x2c72…7e0e[0m::[32mtransfer[0m(0xefc56627233b02ea95bae7e19f648d7dcd5bb132, 52204870)
    │   │   │   │   │   ├─ emit [36mTransfer[0m(from: 0xba12222222228d8ba445958a75a0704d566bf2c8, to: 0xefc56627233b02ea95bae7e19f648d7dcd5bb132, value: 52204870)
    │   │   │   │   │   └─ [32m←[0m true
    │   │   │   │   └─ [32m←[0m 0x00000000000000000000000000000000000000000000000000000000031c9546
    │   │   │   └─ [32m←[0m 0, 0, true
    │   │   └─ [32m←[0m 0, 0, true
    │   ├─ emit [36mDefiBridgeProcessed[0m(bridgeId: 0, nonce: 1, totalInputValue: 15000, totalOutputValueA: 0, totalOutputValueB: 0, result: true)
    │   └─ [32m←[0m 0, 0, true
    ├─ [602] [32m0x6b17…1d0f[0m::[32mbalanceOf[0m(0xba12222222228d8ba445958a75a0704d566bf2c8)
    │   └─ [32m←[0m 104371833231380080728498529
    └─ [32m←[0m ()


Running 1 test for ExampleTest.json:ExampleTest
[32m[PASS][0m testExampleBridge() (gas: 204716)
Traces:

  [211533] [32mExampleTest[0m::[32mtestExampleBridge[0m()
    ├─ [0] [34mVM[0m::[34mstore[0m(0x6b175474e89094c44da98b954eedeac495271d0f, 0x4f9c23b400245689595b6c957f2d4e5c0dd911f27f009acdbe86c4d893c82e49, 0x0000000000000000000000000000000000000000000000000000000000003a98)
    │   └─ [34m←[0m ()
    ├─ [2602] [32m0x6b17…1d0f[0m::[32mbalanceOf[0m(0x185a4dc360ce69bdccee33b3784b0282f7961aea)
    │   └─ [32m←[0m 15000
    ├─ [205831] [32mRollupProcessor.0.8.10[0m::[32mconvert[0m(0xefc56627233b02ea95bae7e19f648d7dcd5bb132, (1, 0x6b175474e89094c44da98b954eedeac495271d0f, 2), (0, 0x0000000000000000000000000000000000000000, 0), (1, 0x6b175474e89094c44da98b954eedeac495271d0f, 2), (0, 0x0000000000000000000000000000000000000000, 0), 15000, 1, 0)
    │   ├─ [64788] [32mDefiBridgeProxy.0.8.10[0m::[32mconvert[0m(0xefc56627233b02ea95bae7e19f648d7dcd5bb132, (1, 0x6b175474e89094c44da98b954eedeac495271d0f, 2), (0, 0x0000000000000000000000000000000000000000, 0), (1, 0x6b175474e89094c44da98b954eedeac495271d0f, 2), (0, 0x0000000000000000000000000000000000000000, 0), 15000, 1, 0, 1)
    │   │   ├─ [20300] [32m0x6b17…1d0f[0m::[32mtransfer[0m(0xefc56627233b02ea95bae7e19f648d7dcd5bb132, 15000)
    │   │   │   ├─ emit [36mTransfer[0m(from: 0x185a4dc360ce69bdccee33b3784b0282f7961aea, to: 0xefc56627233b02ea95bae7e19f648d7dcd5bb132, value: 15000)
    │   │   │   └─ [32m←[0m true
    │   │   ├─ [26649] [32mExampleBridgeContract[0m::[32mconvert[0m((1, 0x6b175474e89094c44da98b954eedeac495271d0f, 2), (0, 0x0000000000000000000000000000000000000000, 0), (1, 0x6b175474e89094c44da98b954eedeac495271d0f, 2), (0, 0x0000000000000000000000000000000000000000, 0), 15000, 1, 0)
    │   │   │   ├─ [24514] [32m0x6b17…1d0f[0m::[32mapprove[0m(0x185a4dc360ce69bdccee33b3784b0282f7961aea, 15000)
    │   │   │   │   ├─ emit [36mApproval[0m(owner: 0xefc56627233b02ea95bae7e19f648d7dcd5bb132, spender: 0x185a4dc360ce69bdccee33b3784b0282f7961aea, value: 15000)
    │   │   │   │   └─ [32m←[0m true
    │   │   │   └─ [32m←[0m 15000, 0, false
    │   │   ├─ [19740] [32m0x6b17…1d0f[0m::[32mtransferFrom[0m(0xefc56627233b02ea95bae7e19f648d7dcd5bb132, 0x185a4dc360ce69bdccee33b3784b0282f7961aea, 15000)
    │   │   │   ├─ emit [36mTransfer[0m(from: 0xefc56627233b02ea95bae7e19f648d7dcd5bb132, to: 0x185a4dc360ce69bdccee33b3784b0282f7961aea, value: 15000)
    │   │   │   └─ [32m←[0m true
    │   │   └─ [32m←[0m 15000, 0, false
    │   ├─ emit [36mDefiBridgeProcessed[0m(bridgeId: 0, nonce: 1, totalInputValue: 15000, totalOutputValueA: 15000, totalOutputValueB: 0, result: true)
    │   └─ [32m←[0m 15000, 0, false
    ├─ [602] [32m0x6b17…1d0f[0m::[32mbalanceOf[0m(0x185a4dc360ce69bdccee33b3784b0282f7961aea)
    │   └─ [32m←[0m 15000
    └─ [32m←[0m ()


Running 1 test for RoundingTest.json:RoundingTest
[32m[PASS][0m testRounding(uint128,uint128) (runs: 256, μ: 937, ~: 937)

Failed tests:
[31m[FAIL. Counterexample: calldata=0x8555790700000000000000000000000000000000000000000000000000000000000000000000000000000000000000000000000000000000000000000000000000000001, args=[0, 1]][0m testEnterWithDai(uint128,uint16) (runs: 11, μ: 1358901, ~: 1359071)
[31m[FAIL][0m testCompoundBridge() (gas: 339320)

Encountered a total of [31m2[0m failing tests, [32m8[0m tests succeeded
